mode: set
tests/foo/foo.go:3.31,5.2 1 1
tests/foo/foo.go:7.31,9.2 1 0
